MALFORMED KEY
MALFORMED KEY
MALFORMED KEY
MALFORMED KEY
MALFORMED KEY
MALFORMED KEY
CREATED
MALFORMED KEY
MALFORMED KEY
MALFORMED KEY
MALFORMED KEY
CREATED
CREATED
CREATED
