MALFORMED KEY
MALFORMED KEY
MALFORMED KEY
MALFORMED KEY
MALFORMED KEY
MALFORMED KEY
MALFORMED KEY
MALFORMED KEY
MALFORMED KEY
MALFORMED KEY
CREATED
123
foo
bar
CREATED
abc
b
REMOVED
KEY NOT FOUND
