MALFORMED KEY
MALFORMED KEY
CREATED
CREATED
CREATED
a
b
MALFORMED KEY
REMOVED
a
KEY NOT FOUND
test
REMOVED
test
