MALFORMED KEY
MALFORMED KEY
MALFORMED KEY
KEY NOT FOUND
MALFORMED KEY
CREATED
CREATED
CREATED
CREATED
HAS CHILDREN
HAS CHILDREN
MALFORMED KEY
REMOVED
REMOVED
HAS CHILDREN
REMOVED
REMOVED
KEY NOT FOUND
